mode: set
glog/main.go:16.13,35.2 12 0
glog/api/handlers.go:15.47,19.2 1 0
glog/api/handlers.go:21.47,25.2 1 0
glog/api/handlers.go:27.51,30.34 2 0
glog/api/handlers.go:30.34,32.3 1 0
glog/api/handlers.go:34.2,34.44 1 0
glog/api/handlers.go:34.44,36.3 1 0
glog/api/handlers.go:38.2,38.30 1 0
glog/api/handlers.go:41.56,43.41 2 0
glog/api/handlers.go:43.41,46.3 2 0
glog/api/handlers.go:47.2,47.58 1 0
glog/api/handlers.go:50.63,52.2 1 0
glog/api/routes.go:12.60,17.2 4 0
glog/api/routes.go:17.2,22.3 4 0
glog/api/routes.go:24.2,26.2 3 0
glog/api/routes.go:26.2,27.48 1 0
glog/api/routes.go:27.48,29.5 1 0
glog/api/routes.go:33.2,33.39 1 0
glog/blog/blog.go:15.57,18.2 2 0
glog/blog/blog.go:20.63,24.79 3 0
glog/blog/blog.go:24.79,26.17 1 0
glog/blog/blog.go:26.17,29.4 2 0
glog/blog/blog.go:31.3,31.85 1 0
glog/blog/blog.go:31.85,34.4 2 0
glog/blog/blog.go:36.3,36.13 1 0
glog/blog/blog.go:39.2,39.16 1 0
glog/blog/blog.go:39.16,39.35 1 0
glog/blog/blog.go:41.2,42.26 2 0
glog/blog/blog.go:42.26,44.17 2 0
glog/blog/blog.go:44.17,47.4 2 0
glog/blog/blog.go:49.3,49.32 1 0
glog/blog/blog.go:52.2,52.26 1 0
glog/blog/blog.go:55.38,60.16 4 0
glog/blog/blog.go:60.16,63.3 2 0
glog/blog/blog.go:63.8,65.3 1 0
glog/blog/blog.go:68.45,74.2 1 0
glog/blog/loader.go:8.48,10.16 2 0
glog/blog/loader.go:10.16,10.34 1 0
glog/blog/loader.go:12.2,16.16 4 0
glog/blog/loader.go:16.16,16.35 1 0
glog/blog/loader.go:18.2,19.57 2 0
glog/blog/types.go:21.32,25.27 3 0
glog/blog/types.go:25.27,27.3 1 0
glog/blog/types.go:29.2,29.24 1 0
glog/config/config.go:9.24,10.49 2 1
glog/config/config.go:10.49,12.3 1 0
glog/config/config.go:14.2,19.16 5 1
glog/config/config.go:19.16,20.54 1 0
glog/config/config.go:25.2,28.52 4 1
glog/mdw/auth.go:11.32,19.30 5 0
glog/mdw/auth.go:19.30,22.67 2 0
glog/mdw/auth.go:22.67,25.4 2 0
glog/mdw/auth.go:27.3,27.11 1 0
glog/mdw/cors.go:8.32,17.30 3 0
glog/mdw/cors.go:17.30,26.3 3 0
glog/mdw/inject.go:7.33,8.29 1 0
glog/mdw/inject.go:8.29,12.3 1 0
glog/sources/git.go:22.66,30.16 2 0
glog/sources/git.go:30.16,32.3 1 0
glog/sources/git.go:34.2,34.18 1 0
glog/sources/git.go:37.46,40.9 2 0
glog/sources/git.go:41.19,42.9 1 0
glog/sources/git.go:43.51,46.18 3 0
glog/sources/git.go:46.18,46.32 1 0
glog/sources/git.go:47.11,48.73 1 0
glog/sources/git.go:51.2,52.12 2 0
glog/sources/git.go:56.36,57.21 1 0
glog/sources/git.go:57.21,59.17 2 0
glog/sources/git.go:59.17,59.31 1 0
glog/sources/git.go:62.2,63.16 2 0
glog/sources/git.go:63.16,65.3 1 0
glog/sources/git.go:68.2,73.9 2 0
glog/sources/git.go:74.19,75.14 1 0
glog/sources/git.go:76.49,77.14 1 0
glog/sources/git.go:78.11,79.61 1 0
glog/sources/git.go:84.41,86.2 1 0
glog/sources/git.go:89.62,94.2 2 0
glog/main.go:16.13,35.2 12 0
glog/api/handlers.go:15.47,19.2 1 1
glog/api/handlers.go:21.47,25.2 1 0
glog/api/handlers.go:27.51,30.34 2 0
glog/api/handlers.go:30.34,32.3 1 0
glog/api/handlers.go:34.2,34.44 1 0
glog/api/handlers.go:34.44,36.3 1 0
glog/api/handlers.go:38.2,38.30 1 0
glog/api/handlers.go:41.56,43.41 2 0
glog/api/handlers.go:43.41,46.3 2 0
glog/api/handlers.go:47.2,47.58 1 0
glog/api/handlers.go:50.63,52.2 1 1
glog/api/routes.go:12.60,17.2 4 1
glog/api/routes.go:17.2,22.3 4 1
glog/api/routes.go:24.2,26.2 3 1
glog/api/routes.go:26.2,27.48 1 1
glog/api/routes.go:27.48,29.5 1 1
glog/api/routes.go:33.2,33.39 1 1
glog/blog/blog.go:15.57,18.2 2 0
glog/blog/blog.go:20.63,24.79 3 0
glog/blog/blog.go:24.79,26.17 1 0
glog/blog/blog.go:26.17,29.4 2 0
glog/blog/blog.go:31.3,31.85 1 0
glog/blog/blog.go:31.85,34.4 2 0
glog/blog/blog.go:36.3,36.13 1 0
glog/blog/blog.go:39.2,39.16 1 0
glog/blog/blog.go:39.16,39.35 1 0
glog/blog/blog.go:41.2,42.26 2 0
glog/blog/blog.go:42.26,44.17 2 0
glog/blog/blog.go:44.17,47.4 2 0
glog/blog/blog.go:49.3,49.32 1 0
glog/blog/blog.go:52.2,52.26 1 0
glog/blog/blog.go:55.38,60.16 4 0
glog/blog/blog.go:60.16,63.3 2 0
glog/blog/blog.go:63.8,65.3 1 0
glog/blog/blog.go:68.45,74.2 1 1
glog/blog/loader.go:8.48,10.16 2 0
glog/blog/loader.go:10.16,10.34 1 0
glog/blog/loader.go:12.2,16.16 4 0
glog/blog/loader.go:16.16,16.35 1 0
glog/blog/loader.go:18.2,19.57 2 0
glog/blog/types.go:21.32,25.27 3 0
glog/blog/types.go:25.27,27.3 1 0
glog/blog/types.go:29.2,29.24 1 0
glog/config/config.go:9.24,10.49 2 1
glog/config/config.go:10.49,12.3 1 0
glog/config/config.go:14.2,19.16 5 1
glog/config/config.go:19.16,20.54 1 0
glog/config/config.go:25.2,28.52 4 1
glog/mdw/auth.go:11.32,19.30 5 1
glog/mdw/auth.go:19.30,22.67 2 1
glog/mdw/auth.go:22.67,25.4 2 1
glog/mdw/auth.go:27.3,27.11 1 1
glog/mdw/cors.go:8.32,17.30 3 1
glog/mdw/cors.go:17.30,26.3 3 1
glog/mdw/inject.go:7.33,8.29 1 1
glog/mdw/inject.go:8.29,12.3 1 1
glog/sources/git.go:22.66,30.16 2 0
glog/sources/git.go:30.16,32.3 1 0
glog/sources/git.go:34.2,34.18 1 0
glog/sources/git.go:37.46,40.9 2 0
glog/sources/git.go:41.19,42.9 1 0
glog/sources/git.go:43.51,46.18 3 0
glog/sources/git.go:46.18,46.32 1 0
glog/sources/git.go:47.11,48.73 1 0
glog/sources/git.go:51.2,52.12 2 0
glog/sources/git.go:56.36,57.21 1 0
glog/sources/git.go:57.21,59.17 2 0
glog/sources/git.go:59.17,59.31 1 0
glog/sources/git.go:62.2,63.16 2 0
glog/sources/git.go:63.16,65.3 1 0
glog/sources/git.go:68.2,73.9 2 0
glog/sources/git.go:74.19,75.14 1 0
glog/sources/git.go:76.49,77.14 1 0
glog/sources/git.go:78.11,79.61 1 0
glog/sources/git.go:84.41,86.2 1 0
glog/sources/git.go:89.62,94.2 2 0
glog/main.go:16.13,35.2 12 0
glog/api/handlers.go:15.47,19.2 1 0
glog/api/handlers.go:21.47,25.2 1 0
glog/api/handlers.go:27.51,30.34 2 0
glog/api/handlers.go:30.34,32.3 1 0
glog/api/handlers.go:34.2,34.44 1 0
glog/api/handlers.go:34.44,36.3 1 0
glog/api/handlers.go:38.2,38.30 1 0
glog/api/handlers.go:41.56,43.41 2 0
glog/api/handlers.go:43.41,46.3 2 0
glog/api/handlers.go:47.2,47.58 1 0
glog/api/handlers.go:50.63,52.2 1 0
glog/api/routes.go:12.60,17.2 4 0
glog/api/routes.go:17.2,22.3 4 0
glog/api/routes.go:24.2,26.2 3 0
glog/api/routes.go:26.2,27.48 1 0
glog/api/routes.go:27.48,29.5 1 0
glog/api/routes.go:33.2,33.39 1 0
glog/blog/blog.go:15.57,18.2 2 0
glog/blog/blog.go:20.63,24.79 3 0
glog/blog/blog.go:24.79,26.17 1 0
glog/blog/blog.go:26.17,29.4 2 0
glog/blog/blog.go:31.3,31.85 1 0
glog/blog/blog.go:31.85,34.4 2 0
glog/blog/blog.go:36.3,36.13 1 0
glog/blog/blog.go:39.2,39.16 1 0
glog/blog/blog.go:39.16,39.35 1 0
glog/blog/blog.go:41.2,42.26 2 0
glog/blog/blog.go:42.26,44.17 2 0
glog/blog/blog.go:44.17,47.4 2 0
glog/blog/blog.go:49.3,49.32 1 0
glog/blog/blog.go:52.2,52.26 1 0
glog/blog/blog.go:55.38,60.16 4 0
glog/blog/blog.go:60.16,63.3 2 0
glog/blog/blog.go:63.8,65.3 1 0
glog/blog/blog.go:68.45,74.2 1 0
glog/blog/loader.go:8.48,10.16 2 0
glog/blog/loader.go:10.16,10.34 1 0
glog/blog/loader.go:12.2,16.16 4 0
glog/blog/loader.go:16.16,16.35 1 0
glog/blog/loader.go:18.2,19.57 2 0
glog/blog/types.go:21.32,25.27 3 0
glog/blog/types.go:25.27,27.3 1 0
glog/blog/types.go:29.2,29.24 1 0
glog/config/config.go:9.24,10.49 2 0
glog/config/config.go:10.49,12.3 1 0
glog/config/config.go:14.2,19.16 5 0
glog/config/config.go:19.16,20.54 1 0
glog/config/config.go:25.2,28.52 4 0
glog/mdw/auth.go:11.32,19.30 5 0
glog/mdw/auth.go:19.30,22.67 2 0
glog/mdw/auth.go:22.67,25.4 2 0
glog/mdw/auth.go:27.3,27.11 1 0
glog/mdw/cors.go:8.32,17.30 3 0
glog/mdw/cors.go:17.30,26.3 3 0
glog/mdw/inject.go:7.33,8.29 1 0
glog/mdw/inject.go:8.29,12.3 1 0
glog/sources/git.go:22.66,30.16 2 1
glog/sources/git.go:30.16,32.3 1 1
glog/sources/git.go:34.2,34.18 1 1
glog/sources/git.go:37.46,40.9 2 1
glog/sources/git.go:41.19,42.9 1 1
glog/sources/git.go:43.51,46.18 3 1
glog/sources/git.go:46.18,46.32 1 1
glog/sources/git.go:47.11,48.73 1 0
glog/sources/git.go:51.2,52.12 2 1
glog/sources/git.go:56.36,57.21 1 1
glog/sources/git.go:57.21,59.17 2 1
glog/sources/git.go:59.17,59.31 1 0
glog/sources/git.go:62.2,63.16 2 1
glog/sources/git.go:63.16,65.3 1 0
glog/sources/git.go:68.2,73.9 2 1
glog/sources/git.go:74.19,75.14 1 0
glog/sources/git.go:76.49,77.14 1 1
glog/sources/git.go:78.11,79.61 1 0
glog/sources/git.go:84.41,86.2 1 1
glog/sources/git.go:89.62,94.2 2 1
glog/main.go:16.13,35.2 12 0
glog/main.go:16.13,35.2 12 0
glog/api/handlers.go:15.47,19.2 1 1
glog/api/handlers.go:21.47,25.2 1 0
glog/api/handlers.go:27.51,30.34 2 0
glog/api/handlers.go:30.34,32.3 1 0
glog/api/handlers.go:34.2,34.44 1 0
glog/api/handlers.go:34.44,36.3 1 0
glog/api/handlers.go:38.2,38.30 1 0
glog/api/handlers.go:41.56,43.41 2 0
glog/api/handlers.go:43.41,46.3 2 0
glog/api/handlers.go:47.2,47.58 1 0
glog/api/handlers.go:50.63,52.2 1 1
glog/api/routes.go:12.60,17.2 4 1
glog/api/routes.go:17.2,22.3 4 1
glog/api/routes.go:24.2,26.2 3 1
glog/api/routes.go:26.2,27.48 1 1
glog/api/routes.go:27.48,29.5 1 1
glog/api/routes.go:33.2,33.39 1 1
glog/blog/blog.go:15.57,18.2 2 0
glog/blog/blog.go:20.63,24.79 3 0
glog/blog/blog.go:24.79,26.17 1 0
glog/blog/blog.go:26.17,29.4 2 0
glog/blog/blog.go:31.3,31.85 1 0
glog/blog/blog.go:31.85,34.4 2 0
glog/blog/blog.go:36.3,36.13 1 0
glog/blog/blog.go:39.2,39.16 1 0
glog/blog/blog.go:39.16,39.35 1 0
glog/blog/blog.go:41.2,42.26 2 0
glog/blog/blog.go:42.26,44.17 2 0
glog/blog/blog.go:44.17,47.4 2 0
glog/blog/blog.go:49.3,49.32 1 0
glog/blog/blog.go:52.2,52.26 1 0
glog/blog/blog.go:55.38,60.16 4 0
glog/blog/blog.go:60.16,63.3 2 0
glog/blog/blog.go:63.8,65.3 1 0
glog/blog/blog.go:68.45,74.2 1 1
glog/blog/loader.go:8.48,10.16 2 0
glog/blog/loader.go:10.16,10.34 1 0
glog/blog/loader.go:12.2,16.16 4 0
glog/blog/loader.go:16.16,16.35 1 0
glog/blog/loader.go:18.2,19.57 2 0
glog/blog/types.go:21.32,25.27 3 0
glog/blog/types.go:25.27,27.3 1 0
glog/blog/types.go:29.2,29.24 1 0
glog/config/config.go:9.24,10.49 2 1
glog/config/config.go:10.49,12.3 1 0
glog/config/config.go:14.2,19.16 5 1
glog/config/config.go:19.16,20.54 1 0
glog/config/config.go:25.2,28.52 4 1
glog/mdw/auth.go:11.32,19.30 5 1
glog/mdw/auth.go:19.30,22.67 2 1
glog/mdw/auth.go:22.67,25.4 2 1
glog/mdw/auth.go:27.3,27.11 1 1
glog/mdw/cors.go:8.32,17.30 3 1
glog/mdw/cors.go:17.30,26.3 3 1
glog/mdw/inject.go:7.33,8.29 1 1
glog/mdw/inject.go:8.29,12.3 1 1
glog/sources/git.go:22.66,30.16 2 0
glog/sources/git.go:30.16,32.3 1 0
glog/sources/git.go:34.2,34.18 1 0
glog/sources/git.go:37.46,40.9 2 0
glog/sources/git.go:41.19,42.9 1 0
glog/sources/git.go:43.51,46.18 3 0
glog/sources/git.go:46.18,46.32 1 0
glog/sources/git.go:47.11,48.73 1 0
glog/sources/git.go:51.2,52.12 2 0
glog/sources/git.go:56.36,57.21 1 0
glog/sources/git.go:57.21,59.17 2 0
glog/sources/git.go:59.17,59.31 1 0
glog/sources/git.go:62.2,63.16 2 0
glog/sources/git.go:63.16,65.3 1 0
glog/sources/git.go:68.2,73.9 2 0
glog/sources/git.go:74.19,75.14 1 0
glog/sources/git.go:76.49,77.14 1 0
glog/sources/git.go:78.11,79.61 1 0
glog/sources/git.go:84.41,86.2 1 0
glog/sources/git.go:89.62,94.2 2 0
glog/main.go:16.13,35.2 12 0
glog/api/handlers.go:15.47,19.2 1 0
glog/api/handlers.go:21.47,25.2 1 0
glog/api/handlers.go:27.51,30.34 2 0
glog/api/handlers.go:30.34,32.3 1 0
glog/api/handlers.go:34.2,34.44 1 0
glog/api/handlers.go:34.44,36.3 1 0
glog/api/handlers.go:38.2,38.30 1 0
glog/api/handlers.go:41.56,43.41 2 0
glog/api/handlers.go:43.41,46.3 2 0
glog/api/handlers.go:47.2,47.58 1 0
glog/api/handlers.go:50.63,52.2 1 0
glog/api/routes.go:12.60,17.2 4 0
glog/api/routes.go:17.2,22.3 4 0
glog/api/routes.go:24.2,26.2 3 0
glog/api/routes.go:26.2,27.48 1 0
glog/api/routes.go:27.48,29.5 1 0
glog/api/routes.go:33.2,33.39 1 0
glog/blog/blog.go:15.57,18.2 2 0
glog/blog/blog.go:20.63,24.79 3 0
glog/blog/blog.go:24.79,26.17 1 0
glog/blog/blog.go:26.17,29.4 2 0
glog/blog/blog.go:31.3,31.85 1 0
glog/blog/blog.go:31.85,34.4 2 0
glog/blog/blog.go:36.3,36.13 1 0
glog/blog/blog.go:39.2,39.16 1 0
glog/blog/blog.go:39.16,39.35 1 0
glog/blog/blog.go:41.2,42.26 2 0
glog/blog/blog.go:42.26,44.17 2 0
glog/blog/blog.go:44.17,47.4 2 0
glog/blog/blog.go:49.3,49.32 1 0
glog/blog/blog.go:52.2,52.26 1 0
glog/blog/blog.go:55.38,60.16 4 0
glog/blog/blog.go:60.16,63.3 2 0
glog/blog/blog.go:63.8,65.3 1 0
glog/blog/blog.go:68.45,74.2 1 0
glog/blog/loader.go:8.48,10.16 2 0
glog/blog/loader.go:10.16,10.34 1 0
glog/blog/loader.go:12.2,16.16 4 0
glog/blog/loader.go:16.16,16.35 1 0
glog/blog/loader.go:18.2,19.57 2 0
glog/blog/types.go:21.32,25.27 3 0
glog/blog/types.go:25.27,27.3 1 0
glog/blog/types.go:29.2,29.24 1 0
glog/config/config.go:9.24,10.49 2 1
glog/config/config.go:10.49,12.3 1 0
glog/config/config.go:14.2,19.16 5 1
glog/config/config.go:19.16,20.54 1 0
glog/config/config.go:25.2,28.52 4 1
glog/mdw/auth.go:11.32,19.30 5 0
glog/mdw/auth.go:19.30,22.67 2 0
glog/mdw/auth.go:22.67,25.4 2 0
glog/mdw/auth.go:27.3,27.11 1 0
glog/mdw/cors.go:8.32,17.30 3 0
glog/mdw/cors.go:17.30,26.3 3 0
glog/mdw/inject.go:7.33,8.29 1 0
glog/mdw/inject.go:8.29,12.3 1 0
glog/sources/git.go:22.66,30.16 2 0
glog/sources/git.go:30.16,32.3 1 0
glog/sources/git.go:34.2,34.18 1 0
glog/sources/git.go:37.46,40.9 2 0
glog/sources/git.go:41.19,42.9 1 0
glog/sources/git.go:43.51,46.18 3 0
glog/sources/git.go:46.18,46.32 1 0
glog/sources/git.go:47.11,48.73 1 0
glog/sources/git.go:51.2,52.12 2 0
glog/sources/git.go:56.36,57.21 1 0
glog/sources/git.go:57.21,59.17 2 0
glog/sources/git.go:59.17,59.31 1 0
glog/sources/git.go:62.2,63.16 2 0
glog/sources/git.go:63.16,65.3 1 0
glog/sources/git.go:68.2,73.9 2 0
glog/sources/git.go:74.19,75.14 1 0
glog/sources/git.go:76.49,77.14 1 0
glog/sources/git.go:78.11,79.61 1 0
glog/sources/git.go:84.41,86.2 1 0
glog/sources/git.go:89.62,94.2 2 0
glog/main.go:16.13,35.2 12 0
glog/api/handlers.go:15.47,19.2 1 0
glog/api/handlers.go:21.47,25.2 1 0
glog/api/handlers.go:27.51,30.34 2 0
glog/api/handlers.go:30.34,32.3 1 0
glog/api/handlers.go:34.2,34.44 1 0
glog/api/handlers.go:34.44,36.3 1 0
glog/api/handlers.go:38.2,38.30 1 0
glog/api/handlers.go:41.56,43.41 2 0
glog/api/handlers.go:43.41,46.3 2 0
glog/api/handlers.go:47.2,47.58 1 0
glog/api/handlers.go:50.63,52.2 1 0
glog/api/routes.go:12.60,17.2 4 0
glog/api/routes.go:17.2,22.3 4 0
glog/api/routes.go:24.2,26.2 3 0
glog/api/routes.go:26.2,27.48 1 0
glog/api/routes.go:27.48,29.5 1 0
glog/api/routes.go:33.2,33.39 1 0
glog/blog/blog.go:15.57,18.2 2 0
glog/blog/blog.go:20.63,24.79 3 0
glog/blog/blog.go:24.79,26.17 1 0
glog/blog/blog.go:26.17,29.4 2 0
glog/blog/blog.go:31.3,31.85 1 0
glog/blog/blog.go:31.85,34.4 2 0
glog/blog/blog.go:36.3,36.13 1 0
glog/blog/blog.go:39.2,39.16 1 0
glog/blog/blog.go:39.16,39.35 1 0
glog/blog/blog.go:41.2,42.26 2 0
glog/blog/blog.go:42.26,44.17 2 0
glog/blog/blog.go:44.17,47.4 2 0
glog/blog/blog.go:49.3,49.32 1 0
glog/blog/blog.go:52.2,52.26 1 0
glog/blog/blog.go:55.38,60.16 4 0
glog/blog/blog.go:60.16,63.3 2 0
glog/blog/blog.go:63.8,65.3 1 0
glog/blog/blog.go:68.45,74.2 1 0
glog/blog/loader.go:8.48,10.16 2 0
glog/blog/loader.go:10.16,10.34 1 0
glog/blog/loader.go:12.2,16.16 4 0
glog/blog/loader.go:16.16,16.35 1 0
glog/blog/loader.go:18.2,19.57 2 0
glog/blog/types.go:21.32,25.27 3 0
glog/blog/types.go:25.27,27.3 1 0
glog/blog/types.go:29.2,29.24 1 0
glog/config/config.go:9.24,10.49 2 1
glog/config/config.go:10.49,12.3 1 0
glog/config/config.go:14.2,19.16 5 1
glog/config/config.go:19.16,20.54 1 0
glog/config/config.go:25.2,28.52 4 1
glog/mdw/auth.go:11.32,19.30 5 0
glog/mdw/auth.go:19.30,22.67 2 0
glog/mdw/auth.go:22.67,25.4 2 0
glog/mdw/auth.go:27.3,27.11 1 0
glog/mdw/cors.go:8.32,17.30 3 0
glog/mdw/cors.go:17.30,26.3 3 0
glog/mdw/inject.go:7.33,8.29 1 0
glog/mdw/inject.go:8.29,12.3 1 0
glog/sources/git.go:22.66,30.16 2 0
glog/sources/git.go:30.16,32.3 1 0
glog/sources/git.go:34.2,34.18 1 0
glog/sources/git.go:37.46,40.9 2 0
glog/sources/git.go:41.19,42.9 1 0
glog/sources/git.go:43.51,46.18 3 0
glog/sources/git.go:46.18,46.32 1 0
glog/sources/git.go:47.11,48.73 1 0
glog/sources/git.go:51.2,52.12 2 0
glog/sources/git.go:56.36,57.21 1 0
glog/sources/git.go:57.21,59.17 2 0
glog/sources/git.go:59.17,59.31 1 0
glog/sources/git.go:62.2,63.16 2 0
glog/sources/git.go:63.16,65.3 1 0
glog/sources/git.go:68.2,73.9 2 0
glog/sources/git.go:74.19,75.14 1 0
glog/sources/git.go:76.49,77.14 1 0
glog/sources/git.go:78.11,79.61 1 0
glog/sources/git.go:84.41,86.2 1 0
glog/sources/git.go:89.62,94.2 2 0
glog/main.go:16.13,35.2 12 0
glog/api/handlers.go:15.47,19.2 1 1
glog/api/handlers.go:21.47,25.2 1 0
glog/api/handlers.go:27.51,30.34 2 0
glog/api/handlers.go:30.34,32.3 1 0
glog/api/handlers.go:34.2,34.44 1 0
glog/api/handlers.go:34.44,36.3 1 0
glog/api/handlers.go:38.2,38.30 1 0
glog/api/handlers.go:41.56,43.41 2 0
glog/api/handlers.go:43.41,46.3 2 0
glog/api/handlers.go:47.2,47.58 1 0
glog/api/handlers.go:50.63,52.2 1 1
glog/api/routes.go:12.60,17.2 4 1
glog/api/routes.go:17.2,22.3 4 1
glog/api/routes.go:24.2,26.2 3 1
glog/api/routes.go:26.2,27.48 1 1
glog/api/routes.go:27.48,29.5 1 1
glog/api/routes.go:33.2,33.39 1 1
glog/blog/blog.go:15.57,18.2 2 0
glog/blog/blog.go:20.63,24.79 3 0
glog/blog/blog.go:24.79,26.17 1 0
glog/blog/blog.go:26.17,29.4 2 0
glog/blog/blog.go:31.3,31.85 1 0
glog/blog/blog.go:31.85,34.4 2 0
glog/blog/blog.go:36.3,36.13 1 0
glog/blog/blog.go:39.2,39.16 1 0
glog/blog/blog.go:39.16,39.35 1 0
glog/blog/blog.go:41.2,42.26 2 0
glog/blog/blog.go:42.26,44.17 2 0
glog/blog/blog.go:44.17,47.4 2 0
glog/blog/blog.go:49.3,49.32 1 0
glog/blog/blog.go:52.2,52.26 1 0
glog/blog/blog.go:55.38,60.16 4 0
glog/blog/blog.go:60.16,63.3 2 0
glog/blog/blog.go:63.8,65.3 1 0
glog/blog/blog.go:68.45,74.2 1 1
glog/blog/loader.go:8.48,10.16 2 0
glog/blog/loader.go:10.16,10.34 1 0
glog/blog/loader.go:12.2,16.16 4 0
glog/blog/loader.go:16.16,16.35 1 0
glog/blog/loader.go:18.2,19.57 2 0
glog/blog/types.go:21.32,25.27 3 0
glog/blog/types.go:25.27,27.3 1 0
glog/blog/types.go:29.2,29.24 1 0
glog/config/config.go:9.24,10.49 2 1
glog/config/config.go:10.49,12.3 1 0
glog/config/config.go:14.2,19.16 5 1
glog/config/config.go:19.16,20.54 1 0
glog/config/config.go:25.2,28.52 4 1
glog/mdw/auth.go:11.32,19.30 5 1
glog/mdw/auth.go:19.30,22.67 2 1
glog/mdw/auth.go:22.67,25.4 2 1
glog/mdw/auth.go:27.3,27.11 1 1
glog/mdw/cors.go:8.32,17.30 3 1
glog/mdw/cors.go:17.30,26.3 3 1
glog/mdw/inject.go:7.33,8.29 1 1
glog/mdw/inject.go:8.29,12.3 1 1
glog/sources/git.go:22.66,30.16 2 0
glog/sources/git.go:30.16,32.3 1 0
glog/sources/git.go:34.2,34.18 1 0
glog/sources/git.go:37.46,40.9 2 0
glog/sources/git.go:41.19,42.9 1 0
glog/sources/git.go:43.51,46.18 3 0
glog/sources/git.go:46.18,46.32 1 0
glog/sources/git.go:47.11,48.73 1 0
glog/sources/git.go:51.2,52.12 2 0
glog/sources/git.go:56.36,57.21 1 0
glog/sources/git.go:57.21,59.17 2 0
glog/sources/git.go:59.17,59.31 1 0
glog/sources/git.go:62.2,63.16 2 0
glog/sources/git.go:63.16,65.3 1 0
glog/sources/git.go:68.2,73.9 2 0
glog/sources/git.go:74.19,75.14 1 0
glog/sources/git.go:76.49,77.14 1 0
glog/sources/git.go:78.11,79.61 1 0
glog/sources/git.go:84.41,86.2 1 0
glog/sources/git.go:89.62,94.2 2 0
glog/main.go:16.13,35.2 12 0
glog/api/handlers.go:15.47,19.2 1 0
glog/api/handlers.go:21.47,25.2 1 0
glog/api/handlers.go:27.51,30.34 2 0
glog/api/handlers.go:30.34,32.3 1 0
glog/api/handlers.go:34.2,34.44 1 0
glog/api/handlers.go:34.44,36.3 1 0
glog/api/handlers.go:38.2,38.30 1 0
glog/api/handlers.go:41.56,43.41 2 0
glog/api/handlers.go:43.41,46.3 2 0
glog/api/handlers.go:47.2,47.58 1 0
glog/api/handlers.go:50.63,52.2 1 0
glog/api/routes.go:12.60,17.2 4 0
glog/api/routes.go:17.2,22.3 4 0
glog/api/routes.go:24.2,26.2 3 0
glog/api/routes.go:26.2,27.48 1 0
glog/api/routes.go:27.48,29.5 1 0
glog/api/routes.go:33.2,33.39 1 0
glog/blog/blog.go:15.57,18.2 2 0
glog/blog/blog.go:20.63,24.79 3 0
glog/blog/blog.go:24.79,26.17 1 0
glog/blog/blog.go:26.17,29.4 2 0
glog/blog/blog.go:31.3,31.85 1 0
glog/blog/blog.go:31.85,34.4 2 0
glog/blog/blog.go:36.3,36.13 1 0
glog/blog/blog.go:39.2,39.16 1 0
glog/blog/blog.go:39.16,39.35 1 0
glog/blog/blog.go:41.2,42.26 2 0
glog/blog/blog.go:42.26,44.17 2 0
glog/blog/blog.go:44.17,47.4 2 0
glog/blog/blog.go:49.3,49.32 1 0
glog/blog/blog.go:52.2,52.26 1 0
glog/blog/blog.go:55.38,60.16 4 0
glog/blog/blog.go:60.16,63.3 2 0
glog/blog/blog.go:63.8,65.3 1 0
glog/blog/blog.go:68.45,74.2 1 0
glog/blog/loader.go:8.48,10.16 2 0
glog/blog/loader.go:10.16,10.34 1 0
glog/blog/loader.go:12.2,16.16 4 0
glog/blog/loader.go:16.16,16.35 1 0
glog/blog/loader.go:18.2,19.57 2 0
glog/blog/types.go:21.32,25.27 3 0
glog/blog/types.go:25.27,27.3 1 0
glog/blog/types.go:29.2,29.24 1 0
glog/config/config.go:9.24,10.49 2 0
glog/config/config.go:10.49,12.3 1 0
glog/config/config.go:14.2,19.16 5 0
glog/config/config.go:19.16,20.54 1 0
glog/config/config.go:25.2,28.52 4 0
glog/mdw/auth.go:11.32,19.30 5 0
glog/mdw/auth.go:19.30,22.67 2 0
glog/mdw/auth.go:22.67,25.4 2 0
glog/mdw/auth.go:27.3,27.11 1 0
glog/mdw/cors.go:8.32,17.30 3 0
glog/mdw/cors.go:17.30,26.3 3 0
glog/mdw/inject.go:7.33,8.29 1 0
glog/mdw/inject.go:8.29,12.3 1 0
glog/sources/git.go:22.66,30.16 2 1
glog/sources/git.go:30.16,32.3 1 1
glog/sources/git.go:34.2,34.18 1 1
glog/sources/git.go:37.46,40.9 2 1
glog/sources/git.go:41.19,42.9 1 1
glog/sources/git.go:43.51,46.18 3 1
glog/sources/git.go:46.18,46.32 1 1
glog/sources/git.go:47.11,48.73 1 0
glog/sources/git.go:51.2,52.12 2 1
glog/sources/git.go:56.36,57.21 1 1
glog/sources/git.go:57.21,59.17 2 1
glog/sources/git.go:59.17,59.31 1 0
glog/sources/git.go:62.2,63.16 2 1
glog/sources/git.go:63.16,65.3 1 0
glog/sources/git.go:68.2,73.9 2 1
glog/sources/git.go:74.19,75.14 1 0
glog/sources/git.go:76.49,77.14 1 1
glog/sources/git.go:78.11,79.61 1 0
glog/sources/git.go:84.41,86.2 1 1
glog/sources/git.go:89.62,94.2 2 1
glog/blog/blog.go:15.57,18.2 2 0
glog/blog/blog.go:20.63,24.79 3 0
glog/blog/blog.go:24.79,26.17 1 0
glog/blog/blog.go:26.17,29.4 2 0
glog/blog/blog.go:31.3,31.85 1 0
glog/blog/blog.go:31.85,34.4 2 0
glog/blog/blog.go:36.3,36.13 1 0
glog/blog/blog.go:39.2,39.16 1 0
glog/blog/blog.go:39.16,39.35 1 0
glog/blog/blog.go:41.2,42.26 2 0
glog/blog/blog.go:42.26,44.17 2 0
glog/blog/blog.go:44.17,47.4 2 0
glog/blog/blog.go:49.3,49.32 1 0
glog/blog/blog.go:52.2,52.26 1 0
glog/blog/blog.go:55.38,60.16 4 0
glog/blog/blog.go:60.16,63.3 2 0
glog/blog/blog.go:63.8,65.3 1 0
glog/blog/blog.go:68.45,74.2 1 0
glog/blog/loader.go:8.48,10.16 2 0
glog/blog/loader.go:10.16,10.34 1 0
glog/blog/loader.go:12.2,16.16 4 0
glog/blog/loader.go:16.16,16.35 1 0
glog/blog/loader.go:18.2,19.57 2 0
glog/blog/types.go:21.32,25.27 3 0
glog/blog/types.go:25.27,27.3 1 0
glog/blog/types.go:29.2,29.24 1 0
glog/mdw/auth.go:11.32,19.30 5 0
glog/mdw/auth.go:19.30,22.67 2 0
glog/mdw/auth.go:22.67,25.4 2 0
glog/mdw/auth.go:27.3,27.11 1 0
glog/mdw/cors.go:8.32,17.30 3 0
glog/mdw/cors.go:17.30,26.3 3 0
glog/mdw/inject.go:7.33,8.29 1 0
glog/mdw/inject.go:8.29,12.3 1 0
glog/main.go:16.13,35.2 12 0
glog/api/handlers.go:15.47,19.2 1 0
glog/api/handlers.go:21.47,25.2 1 0
glog/api/handlers.go:27.51,30.34 2 0
glog/api/handlers.go:30.34,32.3 1 0
glog/api/handlers.go:34.2,34.44 1 0
glog/api/handlers.go:34.44,36.3 1 0
glog/api/handlers.go:38.2,38.30 1 0
glog/api/handlers.go:41.56,43.41 2 0
glog/api/handlers.go:43.41,46.3 2 0
glog/api/handlers.go:47.2,47.58 1 0
glog/api/handlers.go:50.63,52.2 1 0
glog/api/routes.go:12.60,17.2 4 0
glog/api/routes.go:17.2,22.3 4 0
glog/api/routes.go:24.2,26.2 3 0
glog/api/routes.go:26.2,27.48 1 0
glog/api/routes.go:27.48,29.5 1 0
glog/api/routes.go:33.2,33.39 1 0
glog/blog/blog.go:15.57,18.2 2 0
glog/blog/blog.go:20.63,24.79 3 0
glog/blog/blog.go:24.79,26.17 1 0
glog/blog/blog.go:26.17,29.4 2 0
glog/blog/blog.go:31.3,31.85 1 0
glog/blog/blog.go:31.85,34.4 2 0
glog/blog/blog.go:36.3,36.13 1 0
glog/blog/blog.go:39.2,39.16 1 0
glog/blog/blog.go:39.16,39.35 1 0
glog/blog/blog.go:41.2,42.26 2 0
glog/blog/blog.go:42.26,44.17 2 0
glog/blog/blog.go:44.17,47.4 2 0
glog/blog/blog.go:49.3,49.32 1 0
glog/blog/blog.go:52.2,52.26 1 0
glog/blog/blog.go:55.38,60.16 4 0
glog/blog/blog.go:60.16,63.3 2 0
glog/blog/blog.go:63.8,65.3 1 0
glog/blog/blog.go:68.45,74.2 1 0
glog/blog/loader.go:8.48,10.16 2 0
glog/blog/loader.go:10.16,10.34 1 0
glog/blog/loader.go:12.2,16.16 4 0
glog/blog/loader.go:16.16,16.35 1 0
glog/blog/loader.go:18.2,19.57 2 0
glog/blog/types.go:21.32,25.27 3 0
glog/blog/types.go:25.27,27.3 1 0
glog/blog/types.go:29.2,29.24 1 0
glog/config/config.go:9.24,10.49 2 0
glog/config/config.go:10.49,12.3 1 0
glog/config/config.go:14.2,19.16 5 0
glog/config/config.go:19.16,20.54 1 0
glog/config/config.go:25.2,28.52 4 0
glog/mdw/auth.go:11.32,19.30 5 0
glog/mdw/auth.go:19.30,22.67 2 0
glog/mdw/auth.go:22.67,25.4 2 0
glog/mdw/auth.go:27.3,27.11 1 0
glog/mdw/cors.go:8.32,17.30 3 0
glog/mdw/cors.go:17.30,26.3 3 0
glog/mdw/inject.go:7.33,8.29 1 0
glog/mdw/inject.go:8.29,12.3 1 0
glog/sources/git.go:22.66,30.16 2 1
glog/sources/git.go:30.16,32.3 1 1
glog/sources/git.go:34.2,34.18 1 1
glog/sources/git.go:37.46,40.9 2 1
glog/sources/git.go:41.19,42.9 1 1
glog/sources/git.go:43.51,46.18 3 1
glog/sources/git.go:46.18,46.32 1 1
glog/sources/git.go:47.11,48.73 1 0
glog/sources/git.go:51.2,52.12 2 1
glog/sources/git.go:56.36,57.21 1 1
glog/sources/git.go:57.21,59.17 2 1
glog/sources/git.go:59.17,59.31 1 0
glog/sources/git.go:62.2,63.16 2 1
glog/sources/git.go:63.16,65.3 1 0
glog/sources/git.go:68.2,73.9 2 1
glog/sources/git.go:74.19,75.14 1 0
glog/sources/git.go:76.49,77.14 1 1
glog/sources/git.go:78.11,79.61 1 0
glog/sources/git.go:84.41,86.2 1 1
glog/sources/git.go:89.62,94.2 2 1
